<html>
<body>
<pre>
<h1>µVision Build Log</h1>
<h2>Project:</h2>
W:\Work\BootST32F40x\BootST32F40x.uvproj
Project File Date:  02/07/2017

<h2>Output:</h2>
Rebuild target 'BootST32F40x'
compiling Debug.c...
compiling stm32f4xx_flash.c...
assembling startup_stm32f4xx.S...
compiling Hardware.c...
compiling main.c...
compiling system_stm32f4xx.c...
linking...
Program Size: Code=7510 RO-data=1574 RW-data=48 ZI-data=9312  
"BootST32F40x.axf" - 0 Error(s), 0 Warning(s).
Rebuild target 'BootST32F40x'
compiling Debug.c...
compiling stm32f4xx_flash.c...
assembling startup_stm32f4xx.S...
compiling Hardware.c...
compiling main.c...
compiling system_stm32f4xx.c...
linking...
BootST32F40x.axf: error: L6002U: Could not open file sstream.L: No such file or directory
Target not created
Rebuild target 'BootST32F40x'
compiling Debug.c...
compiling stm32f4xx_flash.c...
assembling startup_stm32f4xx.S...
compiling Hardware.c...
compiling main.c...
compiling system_stm32f4xx.c...
linking...
Program Size: Code=6398 RO-data=1574 RW-data=48 ZI-data=9312  
FromELF: creating hex file...
User command #1: fromelf --bin .\BootST32F40x.axf --output Boot.bin
"BootST32F40x.axf" - 0 Error(s), 0 Warning(s).
Rebuild target 'BootST32F40x'
compiling Debug.c...
compiling stm32f4xx_flash.c...
assembling startup_stm32f4xx.S...
compiling Hardware.c...
compiling main.c...
compiling system_stm32f4xx.c...
linking...
Program Size: Code=6398 RO-data=1574 RW-data=48 ZI-data=9312  
FromELF: creating hex file...
User command #1: fromelf --bin .\BootST32F40x.axf --output Boot.bin
"BootST32F40x.axf" - 0 Error(s), 0 Warning(s).
Rebuild target 'BootST32F40x'
compiling Debug.c...
compiling stm32f4xx_flash.c...
assembling startup_stm32f4xx.S...
compiling Hardware.c...
compiling main.c...
compiling system_stm32f4xx.c...
linking...
Program Size: Code=6398 RO-data=1574 RW-data=48 ZI-data=9312  
FromELF: creating hex file...
User command #1: fromelf --bin .\build\BootST32F40x.axf --output Boot.bin
".\build\BootST32F40x.axf" - 0 Error(s), 0 Warning(s).
Rebuild target 'BootST32F40x'
compiling Debug.c...
compiling stm32f4xx_flash.c...
assembling startup_stm32f4xx.S...
compiling Hardware.c...
compiling main.c...
compiling system_stm32f4xx.c...
linking...
Program Size: Code=6398 RO-data=1574 RW-data=48 ZI-data=9312  
FromELF: creating hex file...
User command #1: fromelf --bin .\build\BootST32F40x.axf --output Boot.bin
".\build\BootST32F40x.axf" - 0 Error(s), 0 Warning(s).
Rebuild target 'BootST32F40x'
compiling Debug.c...
compiling stm32f4xx_flash.c...
assembling startup_stm32f4xx.S...
compiling Hardware.c...
compiling main.c...
compiling system_stm32f4xx.c...
linking...
Program Size: Code=6398 RO-data=1574 RW-data=48 ZI-data=9312  
FromELF: creating hex file...
User command #1: fromelf --bin .\build\BootST32F40x.axf --output Boot.bin
".\build\BootST32F40x.axf" - 0 Error(s), 0 Warning(s).
Rebuild target 'BootST32F40x'
compiling Debug.c...
compiling stm32f4xx_flash.c...
assembling startup_stm32f4xx.S...
compiling Hardware.c...
compiling main.c...
compiling system_stm32f4xx.c...
linking...
Program Size: Code=6398 RO-data=1574 RW-data=48 ZI-data=9312  
FromELF: creating hex file...
User command #1: fromelf --bin .\build\BootST32F40x.axf --output Boot.bin
".\build\BootST32F40x.axf" - 0 Error(s), 0 Warning(s).
Rebuild target 'BootST32F40x'
compiling Debug.c...
compiling stm32f4xx_flash.c...
assembling startup_stm32f4xx.S...
compiling Hardware.c...
compiling main.c...
compiling system_stm32f4xx.c...
linking...
Program Size: Code=6398 RO-data=1574 RW-data=48 ZI-data=9312  
FromELF: creating hex file...
User command #1: fromelf --bin .\build\BootST32F40x.axf --output Boot.bin
".\build\BootST32F40x.axf" - 0 Error(s), 0 Warning(s).
