ARM Linker, 5.02 [Build 28] [MDK-ARM Lite]

==============================================================================

Memory Map of the image

  Image Entry point : 0x08000189

  Load Region LR_IROM1 (Base: 0x08000000, Size: 0x00001f54, Max: 0x00004000, ABSOLUTE)

    Execution Region ER_IROM1 (Base: 0x08000000, Size: 0x00001f24, Max: 0x00004000, ABSOLUTE)

    Base Addr    Size         Type   Attr      Idx    E Section Name        Object

    0x08000000   0x00000188   Data   RO            8    RESET               startup_stm32f4xx.o
    0x08000188   0x00000008   Code   RO           69  * !!!main             c_w.l(__main.o)
    0x08000190   0x00000034   Code   RO          197    !!!scatter          c_w.l(__scatter.o)
    0x080001c4   0x0000001a   Code   RO          198    !!handler_copy      c_w.l(__scatter_copy.o)
    0x080001de   0x00000002   PAD
    0x080001e0   0x0000001c   Code   RO          199    !!handler_zi        c_w.l(__scatter_zi.o)
    0x080001fc   0x00000000   Code   RO           67    .ARM.Collect$$_printf_percent$$00000000  c_w.l(_printf_percent.o)
    0x080001fc   0x00000006   Code   RO           65    .ARM.Collect$$_printf_percent$$00000009  c_w.l(_printf_d.o)
    0x08000202   0x00000006   Code   RO           66    .ARM.Collect$$_printf_percent$$0000000A  c_w.l(_printf_u.o)
    0x08000208   0x00000006   Code   RO           64    .ARM.Collect$$_printf_percent$$0000000C  c_w.l(_printf_x.o)
    0x0800020e   0x00000006   Code   RO           62    .ARM.Collect$$_printf_percent$$00000013  c_w.l(_printf_c.o)
    0x08000214   0x00000006   Code   RO           63    .ARM.Collect$$_printf_percent$$00000014  c_w.l(_printf_s.o)
    0x0800021a   0x00000004   Code   RO           74    .ARM.Collect$$_printf_percent$$00000017  c_w.l(_printf_percent_end.o)
    0x0800021e   0x00000002   Code   RO           97    .ARM.Collect$$libinit$$00000000  c_w.l(libinit.o)
    0x08000220   0x00000004   Code   RO          102    .ARM.Collect$$libinit$$00000001  c_w.l(libinit2.o)
    0x08000224   0x00000000   Code   RO          106    .ARM.Collect$$libinit$$00000008  c_w.l(libinit2.o)
    0x08000224   0x00000000   Code   RO          108    .ARM.Collect$$libinit$$0000000A  c_w.l(libinit2.o)
    0x08000224   0x00000000   Code   RO          110    .ARM.Collect$$libinit$$0000000C  c_w.l(libinit2.o)
    0x08000224   0x00000000   Code   RO          113    .ARM.Collect$$libinit$$0000000F  c_w.l(libinit2.o)
    0x08000224   0x00000000   Code   RO          115    .ARM.Collect$$libinit$$00000011  c_w.l(libinit2.o)
    0x08000224   0x00000000   Code   RO          117    .ARM.Collect$$libinit$$00000013  c_w.l(libinit2.o)
    0x08000224   0x00000000   Code   RO          119    .ARM.Collect$$libinit$$00000015  c_w.l(libinit2.o)
    0x08000224   0x00000000   Code   RO          121    .ARM.Collect$$libinit$$00000017  c_w.l(libinit2.o)
    0x08000224   0x00000000   Code   RO          123    .ARM.Collect$$libinit$$00000019  c_w.l(libinit2.o)
    0x08000224   0x00000000   Code   RO          125    .ARM.Collect$$libinit$$0000001B  c_w.l(libinit2.o)
    0x08000224   0x00000000   Code   RO          127    .ARM.Collect$$libinit$$0000001D  c_w.l(libinit2.o)
    0x08000224   0x00000000   Code   RO          129    .ARM.Collect$$libinit$$0000001F  c_w.l(libinit2.o)
    0x08000224   0x00000000   Code   RO          131    .ARM.Collect$$libinit$$00000021  c_w.l(libinit2.o)
    0x08000224   0x00000000   Code   RO          133    .ARM.Collect$$libinit$$00000023  c_w.l(libinit2.o)
    0x08000224   0x00000000   Code   RO          137    .ARM.Collect$$libinit$$0000002A  c_w.l(libinit2.o)
    0x08000224   0x00000000   Code   RO          139    .ARM.Collect$$libinit$$0000002C  c_w.l(libinit2.o)
    0x08000224   0x00000000   Code   RO          141    .ARM.Collect$$libinit$$0000002E  c_w.l(libinit2.o)
    0x08000224   0x00000000   Code   RO          143    .ARM.Collect$$libinit$$00000030  c_w.l(libinit2.o)
    0x08000224   0x00000002   Code   RO          144    .ARM.Collect$$libinit$$00000031  c_w.l(libinit2.o)
    0x08000226   0x00000002   Code   RO          158    .ARM.Collect$$libshutdown$$00000000  c_w.l(libshutdown.o)
    0x08000228   0x00000000   Code   RO          167    .ARM.Collect$$libshutdown$$00000003  c_w.l(libshutdown2.o)
    0x08000228   0x00000000   Code   RO          170    .ARM.Collect$$libshutdown$$00000006  c_w.l(libshutdown2.o)
    0x08000228   0x00000000   Code   RO          173    .ARM.Collect$$libshutdown$$00000009  c_w.l(libshutdown2.o)
    0x08000228   0x00000000   Code   RO          175    .ARM.Collect$$libshutdown$$0000000B  c_w.l(libshutdown2.o)
    0x08000228   0x00000000   Code   RO          178    .ARM.Collect$$libshutdown$$0000000E  c_w.l(libshutdown2.o)
    0x08000228   0x00000002   Code   RO          179    .ARM.Collect$$libshutdown$$0000000F  c_w.l(libshutdown2.o)
    0x0800022a   0x00000000   Code   RO           70    .ARM.Collect$$rtentry$$00000000  c_w.l(rtentry.o)
    0x0800022a   0x00000000   Code   RO           76    .ARM.Collect$$rtentry$$00000002  c_w.l(rtentry2.o)
    0x0800022a   0x00000006   Code   RO           88    .ARM.Collect$$rtentry$$00000004  c_w.l(rtentry4.o)
    0x08000230   0x00000000   Code   RO           78    .ARM.Collect$$rtentry$$00000009  c_w.l(rtentry2.o)
    0x08000230   0x00000004   Code   RO           79    .ARM.Collect$$rtentry$$0000000A  c_w.l(rtentry2.o)
    0x08000234   0x00000000   Code   RO           81    .ARM.Collect$$rtentry$$0000000C  c_w.l(rtentry2.o)
    0x08000234   0x00000008   Code   RO           82    .ARM.Collect$$rtentry$$0000000D  c_w.l(rtentry2.o)
    0x0800023c   0x00000002   Code   RO          100    .ARM.Collect$$rtexit$$00000000  c_w.l(rtexit.o)
    0x0800023e   0x00000000   Code   RO          146    .ARM.Collect$$rtexit$$00000002  c_w.l(rtexit2.o)
    0x0800023e   0x00000004   Code   RO          147    .ARM.Collect$$rtexit$$00000003  c_w.l(rtexit2.o)
    0x08000242   0x00000006   Code   RO          148    .ARM.Collect$$rtexit$$00000004  c_w.l(rtexit2.o)
    0x08000248   0x00000004   Code   RO           24    .emb_text           sstream.L(sstream.o)
    0x0800024c   0x00000018   Code   RO            1    .text               debug.o
    0x08000264   0x0000037c   Code   RO            5    .text               stm32f4xx_flash.o
    0x080005e0   0x00000040   Code   RO            9    .text               startup_stm32f4xx.o
    0x08000620   0x00000140   Code   RO           12    .text               hardware.o
    0x08000760   0x00000c28   Code   RO           16    .text               main.o
    0x08001388   0x00000260   Code   RO           22    .text               system_stm32f4xx.o
    0x080015e8   0x0000000a   Code   RO           25    .text               sstream.L(sstream.o)
    0x080015f2   0x00000002   PAD
    0x080015f4   0x00000018   Code   RO           30    .text               c_w.l(noretval__2printf.o)
    0x0800160c   0x00000052   Code   RO           32    .text               c_w.l(_printf_pad.o)
    0x0800165e   0x00000052   Code   RO           33    .text               c_w.l(_printf_str.o)
    0x080016b0   0x00000078   Code   RO           34    .text               c_w.l(_printf_dec.o)
    0x08001728   0x0000005c   Code   RO           37    .text               c_w.l(_printf_hex_int.o)
    0x08001784   0x0000013c   Code   RO           57    .text               c_w.l(__printf_flags_wp.o)
    0x080018c0   0x00000006   Code   RO           68    .text               c_w.l(heapauxi.o)
    0x080018c6   0x000000b8   Code   RO           71    .text               c_w.l(_printf_intcommon.o)
    0x0800197e   0x0000002c   Code   RO           72    .text               c_w.l(_printf_char.o)
    0x080019aa   0x00000002   PAD
    0x080019ac   0x00000024   Code   RO           73    .text               c_w.l(_printf_char_file.o)
    0x080019d0   0x00000030   Code   RO           90    .text               c_w.l(_printf_char_common.o)
    0x08001a00   0x0000004a   Code   RO           91    .text               c_w.l(sys_stackheap_outer.o)
    0x08001a4a   0x0000000c   Code   RO           93    .text               c_w.l(exit.o)
    0x08001a56   0x00000002   PAD
    0x08001a58   0x00000008   Code   RO           98    .text               c_w.l(libspace.o)
    0x08001a60   0x0000000c   Code   RO          154    .text               c_w.l(sys_exit.o)
    0x08001a6c   0x00000002   Code   RO          160    .text               c_w.l(use_no_semi.o)
    0x08001a6e   0x00000000   Code   RO          161    .text               c_w.l(indicate_semi.o)
    0x08001a6e   0x0000000e   Code   RO           56    i._is_digit         c_w.l(__printf_wp.o)
    0x08001a7c   0x0000000a   Code   RO          153    x$fpl$fpinit        fz_wm.l(fpinit.o)
    0x08001a86   0x00000009   Data   RO           13    .constdata          hardware.o
    0x08001a8f   0x00000001   PAD
    0x08001a90   0x00000438   Data   RO           18    .constdata          main.o
    0x08001ec8   0x00000028   Data   RO           38    .constdata          c_w.l(_printf_hex_int.o)
    0x08001ef0   0x00000011   Data   RO           58    .constdata          c_w.l(__printf_flags_wp.o)
    0x08001f01   0x00000003   PAD
    0x08001f04   0x00000020   Data   RO          195    Region$$Table       anon$$obj.o


    Execution Region RW_IRAM1 (Base: 0x20000000, Size: 0x00002490, Max: 0x00020000, ABSOLUTE)

    Base Addr    Size         Type   Attr      Idx    E Section Name        Object

    0x20000000   0x00000008   Data   RW            2    .data               debug.o
    0x20000008   0x00000010   Data   RW           19    .data               main.o
    0x20000018   0x00000014   Data   RW           23    .data               system_stm32f4xx.o
    0x2000002c   0x00000004   Data   RW           26    .data               sstream.L(sstream.o)
    0x20000030   0x00000200   Zero   RW           17    .bss                main.o
    0x20000230   0x00000060   Zero   RW           99    .bss                c_w.l(libspace.o)
    0x20000290   0x00000200   Zero   RW            7    HEAP                startup_stm32f4xx.o
    0x20000490   0x00002000   Zero   RW            6    STACK               startup_stm32f4xx.o

